// Jest Snapshot v1, https://goo.gl/fbAQLP

exports[`ScssConfigWebpackPlugin inside webpack context should avoid common flexbox bugs in older browsers in development mode 1`] = `
".foo {
  display: flex;
  flex-direction: row;
  flex: 1 1;
}"
`;

exports[`ScssConfigWebpackPlugin inside webpack context should avoid common flexbox bugs in older browsers in production mode 1`] = `".foo{display:flex;flex-direction:row;flex:1 1}"`;

exports[`ScssConfigWebpackPlugin inside webpack context should generate a valid font path 1`] = `"@font-face{font-family:OpenSans;src:url(c8ffdeb3144d5055756ef01ef98e8486.woff)}"`;

exports[`ScssConfigWebpackPlugin inside webpack context should generate a valid font path for subfolders 1`] = `"@font-face{font-family:OpenSans;src:url(../../c8ffdeb3144d5055756ef01ef98e8486.woff)}"`;

exports[`ScssConfigWebpackPlugin inside webpack context should generate separate CSS files with the correct contents 1`] = `".test{height:5px}"`;
